Created 2 PDF file(s) from scored OSW:
  - feature_scores.pdf
  - test_data_ms2_report.pdf
