Successfully created feature scores from Parquet with SCORE columns
