Created 4 PDF file(s) from multi-level scoring:
  MS1 files: 1
  MS2 files: 1
  Transition files: 1
  - feature_scores.pdf
  - test_data_ms1_report.pdf
  - test_data_ms2_report.pdf
  - test_data_transition_report.pdf
