Successfully created feature scores from split Parquet with SCORE columns
